// Jest Snapshot v1, https://goo.gl/fbAQLP

exports[`LoginPageReducer undefined action should return the state 1`] = `
Object {
  "error": null,
  "pending": false,
}
`;
